
──────────────────────────────────────
  Data Backup — 2026-06-13 04:00
──────────────────────────────────────
  ✓ Archive created: data_2026-06-13_0400.tar.gz (124K)
  — No old archives to prune
  — 2 archive(s) retained in /mnt/warehouse/backups/data
  Done.

──────────────────────────────────────
  Data Backup — 2026-06-14 04:00
──────────────────────────────────────
  ✓ Archive created: data_2026-06-14_0400.tar.gz (124K)
  — No old archives to prune
  — 3 archive(s) retained in /mnt/warehouse/backups/data
  Done.

──────────────────────────────────────
  Data Backup — 2026-06-15 04:00
──────────────────────────────────────
  ✓ Archive created: data_2026-06-15_0400.tar.gz (124K)
  — No old archives to prune
  — 4 archive(s) retained in /mnt/warehouse/backups/data
  Done.

──────────────────────────────────────
  Data Backup — 2026-06-16 04:00
──────────────────────────────────────
  ✓ Archive created: data_2026-06-16_0400.tar.gz (124K)
  — No old archives to prune
  — 5 archive(s) retained in /mnt/warehouse/backups/data
  Done.

──────────────────────────────────────
  Data Backup — 2026-06-17 04:00
──────────────────────────────────────
  ✓ Archive created: data_2026-06-17_0400.tar.gz (124K)
  — No old archives to prune
  — 6 archive(s) retained in /mnt/warehouse/backups/data
  Done.

──────────────────────────────────────
  Data Backup — 2026-06-18 04:00
──────────────────────────────────────
  ✓ Archive created: data_2026-06-18_0400.tar.gz (128K)
  — No old archives to prune
  — 7 archive(s) retained in /mnt/warehouse/backups/data
  Done.

──────────────────────────────────────
  Data Backup — 2026-06-19 04:00
──────────────────────────────────────
  ✓ Archive created: data_2026-06-19_0400.tar.gz (128K)
  — No old archives to prune
  — 8 archive(s) retained in /mnt/warehouse/backups/data
  Done.

──────────────────────────────────────
  Data Backup — 2026-06-20 04:00
──────────────────────────────────────
  ✓ Archive created: data_2026-06-20_0400.tar.gz (128K)
  — No old archives to prune
  — 9 archive(s) retained in /mnt/warehouse/backups/data
  Done.

──────────────────────────────────────
  Data Backup — 2026-06-21 04:00
──────────────────────────────────────
  ✓ Archive created: data_2026-06-21_0400.tar.gz (128K)
  — No old archives to prune
  — 10 archive(s) retained in /mnt/warehouse/backups/data
  Done.

──────────────────────────────────────
  Data Backup — 2026-06-22 04:00
──────────────────────────────────────
  ✓ Archive created: data_2026-06-22_0400.tar.gz (128K)
  — No old archives to prune
  — 11 archive(s) retained in /mnt/warehouse/backups/data
  Done.

──────────────────────────────────────
  Data Backup — 2026-06-23 04:00
──────────────────────────────────────
  ✓ Archive created: data_2026-06-23_0400.tar.gz (128K)
  — No old archives to prune
  — 12 archive(s) retained in /mnt/warehouse/backups/data
  Done.

──────────────────────────────────────
  Data Backup — 2026-06-24 04:00
──────────────────────────────────────
  ✓ Archive created: data_2026-06-24_0400.tar.gz (128K)
  — No old archives to prune
  — 13 archive(s) retained in /mnt/warehouse/backups/data
  Done.

──────────────────────────────────────
  Data Backup — 2026-06-25 04:00
──────────────────────────────────────
  ✓ Archive created: data_2026-06-25_0400.tar.gz (128K)
  — No old archives to prune
  — 14 archive(s) retained in /mnt/warehouse/backups/data
  Done.

──────────────────────────────────────
  Data Backup — 2026-06-26 04:00
──────────────────────────────────────
  ✓ Archive created: data_2026-06-26_0400.tar.gz (128K)
  — No old archives to prune
  — 15 archive(s) retained in /mnt/warehouse/backups/data
  Done.

──────────────────────────────────────
  Data Backup — 2026-06-27 04:00
──────────────────────────────────────
  ✓ Archive created: data_2026-06-27_0400.tar.gz (128K)
  — No old archives to prune
  — 16 archive(s) retained in /mnt/warehouse/backups/data
  Done.

──────────────────────────────────────
  Data Backup — 2026-06-28 04:00
──────────────────────────────────────
  ✓ Archive created: data_2026-06-28_0400.tar.gz (128K)
  — No old archives to prune
  — 17 archive(s) retained in /mnt/warehouse/backups/data
  Done.

──────────────────────────────────────
  Data Backup — 2026-06-29 04:00
──────────────────────────────────────
  ✓ Archive created: data_2026-06-29_0400.tar.gz (128K)
  — No old archives to prune
  — 18 archive(s) retained in /mnt/warehouse/backups/data
  Done.

──────────────────────────────────────
  Data Backup — 2026-07-01 04:00
──────────────────────────────────────
  ✓ Archive created: data_2026-07-01_0400.tar.gz (128K)
  — No old archives to prune
  — 19 archive(s) retained in /mnt/warehouse/backups/data
  Done.

──────────────────────────────────────
  Data Backup — 2026-07-02 04:00
──────────────────────────────────────
  ✓ Archive created: data_2026-07-02_0400.tar.gz (128K)
  — No old archives to prune
  — 20 archive(s) retained in /mnt/warehouse/backups/data
  Done.

──────────────────────────────────────
  Data Backup — 2026-07-03 04:00
──────────────────────────────────────
  ✓ Archive created: data_2026-07-03_0400.tar.gz (128K)
  — No old archives to prune
  — 21 archive(s) retained in /mnt/warehouse/backups/data
  Done.

──────────────────────────────────────
  Data Backup — 2026-07-04 04:00
──────────────────────────────────────
  ✓ Archive created: data_2026-07-04_0400.tar.gz (128K)
  — No old archives to prune
  — 22 archive(s) retained in /mnt/warehouse/backups/data
  Done.

──────────────────────────────────────
  Data Backup — 2026-07-05 04:00
──────────────────────────────────────
  ✓ Archive created: data_2026-07-05_0400.tar.gz (128K)
  — No old archives to prune
  — 23 archive(s) retained in /mnt/warehouse/backups/data
  Done.

──────────────────────────────────────
  Data Backup — 2026-07-06 04:00
──────────────────────────────────────
  ✓ Archive created: data_2026-07-06_0400.tar.gz (128K)
  — No old archives to prune
  — 24 archive(s) retained in /mnt/warehouse/backups/data
  Done.

──────────────────────────────────────
  Data Backup — 2026-07-07 04:00
──────────────────────────────────────
  ✓ Archive created: data_2026-07-07_0400.tar.gz (128K)
  — No old archives to prune
  — 25 archive(s) retained in /mnt/warehouse/backups/data
  Done.

──────────────────────────────────────
  Data Backup — 2026-07-08 04:00
──────────────────────────────────────
  ✓ Archive created: data_2026-07-08_0400.tar.gz (128K)
  — No old archives to prune
  — 26 archive(s) retained in /mnt/warehouse/backups/data
  Done.

──────────────────────────────────────
  Data Backup — 2026-07-09 04:00
──────────────────────────────────────
  ✓ Archive created: data_2026-07-09_0400.tar.gz (128K)
  — No old archives to prune
  — 27 archive(s) retained in /mnt/warehouse/backups/data
  Done.

──────────────────────────────────────
  Data Backup — 2026-07-10 04:00
──────────────────────────────────────
  ✓ Archive created: data_2026-07-10_0400.tar.gz (128K)
  — No old archives to prune
  — 28 archive(s) retained in /mnt/warehouse/backups/data
  Done.

──────────────────────────────────────
  Data Backup — 2026-07-11 04:00
──────────────────────────────────────
  ✓ Archive created: data_2026-07-11_0400.tar.gz (128K)
  — No old archives to prune
  — 29 archive(s) retained in /mnt/warehouse/backups/data
  Done.

──────────────────────────────────────
  Data Backup — 2026-07-12 04:00
──────────────────────────────────────
  ✓ Archive created: data_2026-07-12_0400.tar.gz (128K)
  — No old archives to prune
  — 30 archive(s) retained in /mnt/warehouse/backups/data
  Done.

──────────────────────────────────────
  Data Backup — 2026-07-13 04:00
──────────────────────────────────────
  ✓ Archive created: data_2026-07-13_0400.tar.gz (128K)
  — No old archives to prune
  — 31 archive(s) retained in /mnt/warehouse/backups/data
  Done.

──────────────────────────────────────
  Data Backup — 2026-07-14 04:00
──────────────────────────────────────
  ✓ Archive created: data_2026-07-14_0400.tar.gz (132K)
  ✓ Pruned 1 archive(s) older than 30 days
  — 31 archive(s) retained in /mnt/warehouse/backups/data
  Done.

──────────────────────────────────────
  Data Backup — 2026-07-15 04:00
──────────────────────────────────────
  ✓ Archive created: data_2026-07-15_0400.tar.gz (132K)
  ✓ Pruned 1 archive(s) older than 30 days
  — 31 archive(s) retained in /mnt/warehouse/backups/data
  Done.

──────────────────────────────────────
  Data Backup — 2026-07-16 04:00
──────────────────────────────────────
  ✓ Archive created: data_2026-07-16_0400.tar.gz (132K)
  ✓ Pruned 2 archive(s) older than 30 days
  — 30 archive(s) retained in /mnt/warehouse/backups/data
  Done.

──────────────────────────────────────
  Data Backup — 2026-07-17 04:00
──────────────────────────────────────
  ✓ Archive created: data_2026-07-17_0400.tar.gz (132K)
  — No old archives to prune
  — 31 archive(s) retained in /mnt/warehouse/backups/data
  Done.

──────────────────────────────────────
  Data Backup — 2026-07-18 04:00
──────────────────────────────────────
  ✓ Archive created: data_2026-07-18_0400.tar.gz (132K)
  ✓ Pruned 1 archive(s) older than 30 days
  — 31 archive(s) retained in /mnt/warehouse/backups/data
  Done.

──────────────────────────────────────
  Data Backup — 2026-07-19 04:00
──────────────────────────────────────
  ✓ Archive created: data_2026-07-19_0400.tar.gz (132K)
  ✓ Pruned 1 archive(s) older than 30 days
  — 31 archive(s) retained in /mnt/warehouse/backups/data
  Done.

──────────────────────────────────────
  Data Backup — 2026-07-20 04:00
──────────────────────────────────────
  ✓ Archive created: data_2026-07-20_0400.tar.gz (132K)
  ✓ Pruned 2 archive(s) older than 30 days
  — 30 archive(s) retained in /mnt/warehouse/backups/data
  Done.

──────────────────────────────────────
  Data Backup — 2026-07-21 04:00
──────────────────────────────────────
  ✓ Archive created: data_2026-07-21_0400.tar.gz (132K)
  ✓ Pruned 1 archive(s) older than 30 days
  — 30 archive(s) retained in /mnt/warehouse/backups/data
  Done.

──────────────────────────────────────
  Data Backup — 2026-07-22 04:00
──────────────────────────────────────
  ✓ Archive created: data_2026-07-22_0400.tar.gz (132K)
  — No old archives to prune
  — 31 archive(s) retained in /mnt/warehouse/backups/data
  Done.

──────────────────────────────────────
  Data Backup — 2026-07-23 04:00
──────────────────────────────────────
  ✓ Archive created: data_2026-07-23_0400.tar.gz (132K)
  ✓ Pruned 1 archive(s) older than 30 days
  — 31 archive(s) retained in /mnt/warehouse/backups/data
  Done.

──────────────────────────────────────
  Data Backup — 2026-07-24 04:00
──────────────────────────────────────
  ✓ Archive created: data_2026-07-24_0400.tar.gz (132K)
  ✓ Pruned 1 archive(s) older than 30 days
  — 31 archive(s) retained in /mnt/warehouse/backups/data
  Done.

──────────────────────────────────────
  Data Backup — 2026-07-25 04:00
──────────────────────────────────────
  ✓ Archive created: data_2026-07-25_0400.tar.gz (132K)
  ✓ Pruned 1 archive(s) older than 30 days
  — 31 archive(s) retained in /mnt/warehouse/backups/data
  Done.

──────────────────────────────────────
  Data Backup — 2026-07-26 04:00
──────────────────────────────────────
  ✓ Archive created: data_2026-07-26_0400.tar.gz (132K)
  ✓ Pruned 2 archive(s) older than 30 days
  — 30 archive(s) retained in /mnt/warehouse/backups/data
  Done.

──────────────────────────────────────
  Data Backup — 2026-07-27 04:00
──────────────────────────────────────
  ✓ Archive created: data_2026-07-27_0400.tar.gz (132K)
  ✓ Pruned 1 archive(s) older than 30 days
  — 30 archive(s) retained in /mnt/warehouse/backups/data
  Done.

──────────────────────────────────────
  Data Backup — 2026-07-28 04:00
──────────────────────────────────────
  ✓ Archive created: data_2026-07-28_0400.tar.gz (132K)
  ✓ Pruned 1 archive(s) older than 30 days
  — 30 archive(s) retained in /mnt/warehouse/backups/data
  Done.

──────────────────────────────────────
  Data Backup — 2026-07-29 04:00
──────────────────────────────────────
  ✓ Archive created: data_2026-07-29_0400.tar.gz (132K)
  ✓ Pruned 1 archive(s) older than 30 days
  — 30 archive(s) retained in /mnt/warehouse/backups/data
  Done.

──────────────────────────────────────
  Data Backup — 2026-07-30 04:00
──────────────────────────────────────
  ✓ Archive created: data_2026-07-30_0400.tar.gz (132K)
  ✓ Pruned 1 archive(s) older than 30 days
  — 30 archive(s) retained in /mnt/warehouse/backups/data
  Done.

──────────────────────────────────────
  Data Backup — 2026-07-31 04:00
──────────────────────────────────────
  ✓ Archive created: data_2026-07-31_0400.tar.gz (132K)
  — No old archives to prune
  — 31 archive(s) retained in /mnt/warehouse/backups/data
  Done.

──────────────────────────────────────
  Data Backup — 2026-08-01 04:00
──────────────────────────────────────
  ✓ Archive created: data_2026-08-01_0400.tar.gz (132K)
  — No old archives to prune
  — 32 archive(s) retained in /mnt/warehouse/backups/data
  Done.

──────────────────────────────────────
  Data Backup — 2026-08-02 04:00
──────────────────────────────────────
  ✓ Archive created: data_2026-08-02_0400.tar.gz (132K)
  ✓ Pruned 1 archive(s) older than 30 days
  — 32 archive(s) retained in /mnt/warehouse/backups/data
  Done.

──────────────────────────────────────
  Data Backup — 2026-08-03 04:00
──────────────────────────────────────
  ✓ Archive created: data_2026-08-03_0400.tar.gz (132K)
  ✓ Pruned 1 archive(s) older than 30 days
  — 32 archive(s) retained in /mnt/warehouse/backups/data
  Done.

──────────────────────────────────────
  Data Backup — 2026-08-04 04:00
──────────────────────────────────────
  ✓ Archive created: data_2026-08-04_0400.tar.gz (132K)
  ✓ Pruned 2 archive(s) older than 30 days
  — 31 archive(s) retained in /mnt/warehouse/backups/data
  Done.

──────────────────────────────────────
  Data Backup — 2026-08-05 04:00
──────────────────────────────────────
  ✓ Archive created: data_2026-08-05_0400.tar.gz (132K)
  — No old archives to prune
  — 32 archive(s) retained in /mnt/warehouse/backups/data
  Done.

──────────────────────────────────────
  Data Backup — 2026-08-06 04:00
──────────────────────────────────────
  ✓ Archive created: data_2026-08-06_0400.tar.gz (136K)
  ✓ Pruned 2 archive(s) older than 30 days
  — 31 archive(s) retained in /mnt/warehouse/backups/data
  Done.

──────────────────────────────────────
  Data Backup — 2026-08-07 04:00
──────────────────────────────────────
  ✓ Archive created: data_2026-08-07_0400.tar.gz (136K)
  — No old archives to prune
  — 32 archive(s) retained in /mnt/warehouse/backups/data
  Done.

──────────────────────────────────────
  Data Backup — 2026-08-08 04:00
──────────────────────────────────────
  ✓ Archive created: data_2026-08-08_0400.tar.gz (136K)
  ✓ Pruned 1 archive(s) older than 30 days
  — 32 archive(s) retained in /mnt/warehouse/backups/data
  Done.

──────────────────────────────────────
  Data Backup — 2026-08-09 04:00
──────────────────────────────────────
  ✓ Archive created: data_2026-08-09_0400.tar.gz (136K)
  ✓ Pruned 2 archive(s) older than 30 days
  — 31 archive(s) retained in /mnt/warehouse/backups/data
  Done.

──────────────────────────────────────
  Data Backup — 2026-08-10 04:00
──────────────────────────────────────
  ✓ Archive created: data_2026-08-10_0400.tar.gz (136K)
  ✓ Pruned 1 archive(s) older than 30 days
  — 31 archive(s) retained in /mnt/warehouse/backups/data
  Done.

──────────────────────────────────────
  Data Backup — 2026-08-11 04:00
──────────────────────────────────────
  ✓ Archive created: data_2026-08-11_0400.tar.gz (136K)
  — No old archives to prune
  — 32 archive(s) retained in /mnt/warehouse/backups/data
  Done.
